// Jest Snapshot v1, https://goo.gl/fbAQLP

exports[`VAutocompleteDropdown Render correctly 1`] = `
"<div class=\\"v-autocomplete-dropdown\\">
  <ol></ol>
</div>"
`;
